// Jest Snapshot v1, https://goo.gl/fbAQLP

exports[`renders a dictionary widget component 1`] = `
<div
  className="inline field vocabularytermswidget dictwidget field-wrapper-test-dict"
>
  <div
    className="ui grid"
  >
    <div
      className="stretched row"
    >
      <div
        className="four wide column"
      >
        <div
          className="wrapper"
        >
          <label
            htmlFor="field-test-dict"
            id="fieldset-default-field-label-test-dict"
          >
            My Vocabulary
          </label>
        </div>
      </div>
      <div
        className="eight wide column"
      >
        <div
          className="add-item-button-wrapper"
        >
          <button
            aria-label="Vocabulary term"
            className="ui button"
            onClick={[Function]}
          >
            <svg
              className="icon"
              dangerouslySetInnerHTML={
                Object {
                  "__html": undefined,
                }
              }
              onClick={null}
              style={
                Object {
                  "fill": "currentColor",
                  "height": "18px",
                  "width": "auto",
                }
              }
              viewBox=""
              xmlns=""
            />
            Add term
          </button>
        </div>
        <div
          data-rbd-droppable-context-id="0"
          data-rbd-droppable-id="id-0"
          style={
            Object {
              "position": "relative",
            }
          }
        >
          <div
            className="vocabularyterm"
            data-rbd-draggable-context-id="0"
            data-rbd-draggable-id="talk"
            onTransitionEnd={null}
            style={
              Object {
                "transform": null,
                "transition": null,
              }
            }
          >
            <div
              style={
                Object {
                  "alignItems": "center",
                  "display": "flex",
                }
              }
            >
              <div
                aria-describedby="rbd-hidden-text-0-hidden-text-0"
                className="draghandlewrapper"
                data-rbd-drag-handle-context-id="0"
                data-rbd-drag-handle-draggable-id="talk"
                draggable={false}
                onDragStart={[Function]}
                role="button"
                tabIndex={0}
              >
                <svg
                  className="icon"
                  dangerouslySetInnerHTML={
                    Object {
                      "__html": undefined,
                    }
                  }
                  onClick={null}
                  style={
                    Object {
                      "fill": "currentColor",
                      "height": "18px",
                      "width": "auto",
                    }
                  }
                  viewBox=""
                  xmlns=""
                />
              </div>
              <div
                className="ui drag block inner"
              >
                <div
                  className="Field"
                  id="en-0-test-dict-talk"
                >
                  English
                </div>
                <div
                  className="Field"
                  id="de-1-test-dict-talk"
                >
                  Deutsch
                </div>
                <div
                  className="Field"
                  id="it-2-test-dict-talk"
                >
                  Italiano
                </div>
              </div>
              <div>
                <button
                  aria-label="Remove term #talk"
                  className="ui basic icon button delete-button"
                  onClick={[Function]}
                  title="Remove term"
                >
                  <svg
                    className="icon"
                    dangerouslySetInnerHTML={
                      Object {
                        "__html": undefined,
                      }
                    }
                    onClick={null}
                    style={
                      Object {
                        "fill": "#e40166",
                        "height": "20px",
                        "width": "auto",
                      }
                    }
                    viewBox=""
                    xmlns=""
                  />
                </button>
              </div>
            </div>
          </div>
          <div
            className="vocabularyterm"
            data-rbd-draggable-context-id="0"
            data-rbd-draggable-id="keynote"
            onTransitionEnd={null}
            style={
              Object {
                "transform": null,
                "transition": null,
              }
            }
          >
            <div
              style={
                Object {
                  "alignItems": "center",
                  "display": "flex",
                }
              }
            >
              <div
                aria-describedby="rbd-hidden-text-0-hidden-text-0"
                className="draghandlewrapper"
                data-rbd-drag-handle-context-id="0"
                data-rbd-drag-handle-draggable-id="keynote"
                draggable={false}
                onDragStart={[Function]}
                role="button"
                tabIndex={0}
              >
                <svg
                  className="icon"
                  dangerouslySetInnerHTML={
                    Object {
                      "__html": undefined,
                    }
                  }
                  onClick={null}
                  style={
                    Object {
                      "fill": "currentColor",
                      "height": "18px",
                      "width": "auto",
                    }
                  }
                  viewBox=""
                  xmlns=""
                />
              </div>
              <div
                className="ui drag block inner"
              >
                <div
                  className="Field"
                  id="en-0-test-dict-keynote"
                >
                  English
                </div>
                <div
                  className="Field"
                  id="de-1-test-dict-keynote"
                >
                  Deutsch
                </div>
                <div
                  className="Field"
                  id="it-2-test-dict-keynote"
                >
                  Italiano
                </div>
              </div>
              <div>
                <button
                  aria-label="Remove term #keynote"
                  className="ui basic icon button delete-button"
                  onClick={[Function]}
                  title="Remove term"
                >
                  <svg
                    className="icon"
                    dangerouslySetInnerHTML={
                      Object {
                        "__html": undefined,
                      }
                    }
                    onClick={null}
                    style={
                      Object {
                        "fill": "#e40166",
                        "height": "20px",
                        "width": "auto",
                      }
                    }
                    viewBox=""
                    xmlns=""
                  />
                </button>
              </div>
            </div>
          </div>
          <div
            className="vocabularyterm"
            data-rbd-draggable-context-id="0"
            data-rbd-draggable-id="lightning-talk"
            onTransitionEnd={null}
            style={
              Object {
                "transform": null,
                "transition": null,
              }
            }
          >
            <div
              style={
                Object {
                  "alignItems": "center",
                  "display": "flex",
                }
              }
            >
              <div
                aria-describedby="rbd-hidden-text-0-hidden-text-0"
                className="draghandlewrapper"
                data-rbd-drag-handle-context-id="0"
                data-rbd-drag-handle-draggable-id="lightning-talk"
                draggable={false}
                onDragStart={[Function]}
                role="button"
                tabIndex={0}
              >
                <svg
                  className="icon"
                  dangerouslySetInnerHTML={
                    Object {
                      "__html": undefined,
                    }
                  }
                  onClick={null}
                  style={
                    Object {
                      "fill": "currentColor",
                      "height": "18px",
                      "width": "auto",
                    }
                  }
                  viewBox=""
                  xmlns=""
                />
              </div>
              <div
                className="ui drag block inner"
              >
                <div
                  className="Field"
                  id="en-0-test-dict-lightning-talk"
                >
                  English
                </div>
                <div
                  className="Field"
                  id="de-1-test-dict-lightning-talk"
                >
                  Deutsch
                </div>
                <div
                  className="Field"
                  id="it-2-test-dict-lightning-talk"
                >
                  Italiano
                </div>
              </div>
              <div>
                <button
                  aria-label="Remove term #lightning-talk"
                  className="ui basic icon button delete-button"
                  onClick={[Function]}
                  title="Remove term"
                >
                  <svg
                    className="icon"
                    dangerouslySetInnerHTML={
                      Object {
                        "__html": undefined,
                      }
                    }
                    onClick={null}
                    style={
                      Object {
                        "fill": "#e40166",
                        "height": "20px",
                        "width": "auto",
                      }
                    }
                    viewBox=""
                    xmlns=""
                  />
                </button>
              </div>
            </div>
          </div>
        </div>
      </div>
    </div>
  </div>
</div>
`;
