// Jest Snapshot v1, https://goo.gl/fbAQLP

exports[`Register renders a register component 1`] = `
<div
  id="page-register"
>
  <div
    data-schema={
      Object {
        "fieldsets": Array [
          Object {
            "fields": Array [
              "fullname",
              "email",
            ],
            "id": "default",
            "title": "Default",
          },
        ],
        "properties": Object {
          "email": Object {
            "description": "Enter an email address. This will be your login name. We respect your privacy, and will not give the address away to any third parties or expose it anywhere.",
            "title": "E-mail",
            "type": "string",
          },
          "fullname": Object {
            "description": "Enter full name, e.g. John Smith.",
            "title": "Full Name",
            "type": "string",
          },
        },
        "required": Array [
          "fullname",
          "email",
        ],
      }
    }
    id="Form"
  />
</div>
`;
