// Jest Snapshot v1, https://goo.gl/fbAQLP

exports[`ContentType renders dexterity content-type component 1`] = `
<div
  className="ui container"
  id="page-controlpanel"
>
  <div
    className="ui disabled header"
  >
    Page Content Type
  </div>
  <div
    data-schema={Object {}}
    id="Form"
  />
  <div
    id="Portal"
  />
</div>
`;
