// Jest Snapshot v1, https://goo.gl/fbAQLP

exports[`ContentsPropertiesModal renders a contents properties modal component 1`] = `
<div
  data-schema={
    Object {
      "fieldsets": Array [
        Object {
          "fields": Array [
            "effective",
            "expires",
            "rights",
            "creators",
            "exclude_from_nav",
          ],
          "id": "default",
          "title": "Default",
        },
      ],
      "properties": Object {
        "creators": Object {
          "description": "Persons responsible for creating the content of this item. Please enter a list of user names, one per line. The principal creator should come first.",
          "title": "Creators",
          "type": "array",
        },
        "effective": Object {
          "description": "If this date is in the future, the content will not show up in listings and searches until this date.",
          "title": "Publishing Date",
          "type": "string",
          "widget": "datetime",
        },
        "exclude_from_nav": Object {
          "description": "If selected, this item will not appear in the navigation tree",
          "title": "Exclude from navigation",
          "type": "boolean",
        },
        "expires": Object {
          "description": "When this date is reached, the content will nolonger be visible in listings and searches.",
          "title": "Expiration Date",
          "type": "string",
          "widget": "datetime",
        },
        "rights": Object {
          "description": "Copyright statement or other rights information on this item.",
          "title": "Rights",
          "type": "string",
          "widget": "textarea",
        },
      },
      "required": Array [],
    }
  }
  id="ModalForm"
/>
`;
