// Jest Snapshot v1, https://goo.gl/fbAQLP

exports[`AppExtras can take string extra parameters to be used from the actual component 1`] = `null`;

exports[`AppExtras can take string path as match 1`] = `null`;

exports[`AppExtras renders 2 app extras on specific path /blog/edit 1`] = `null`;

exports[`AppExtras renders one app extras registered on empty string 1`] = `null`;

exports[`AppExtras renders other 2 app extras on exact path /blog 1`] = `null`;
