// Jest Snapshot v1, https://goo.gl/fbAQLP

exports[`renders an Image Block Sidebar component 1`] = `
<div
  data-schema={
    Object {
      "block": "Video",
      "fieldsets": Array [
        Object {
          "fields": Array [
            "url",
            "preview_image",
            "align",
          ],
          "id": "default",
          "title": "Default",
        },
      ],
      "properties": Object {
        "align": Object {
          "title": "Alignment",
          "widget": "align",
        },
        "preview_image": Object {
          "title": "Preview Image URL",
          "widget": "url",
        },
        "url": Object {
          "title": "Video URL",
          "widget": "url",
        },
      },
      "required": Array [],
      "title": "Video",
    }
  }
  id="BlockDataForm"
/>
`;
