// Jest Snapshot v1, https://goo.gl/fbAQLP

exports[`renders an Image Block Sidebar component 1`] = `
<div
  data-schema={
    Object {
      "block": "Maps",
      "fieldsets": Array [
        Object {
          "fields": Array [
            "url",
            "title",
            "align",
          ],
          "id": "default",
          "title": "Default",
        },
      ],
      "properties": Object {
        "align": Object {
          "title": "Alignment",
          "widget": "align",
        },
        "title": Object {
          "title": "Alt text",
        },
        "url": Object {
          "title": "Maps URL",
          "widget": "url",
        },
      },
      "required": Array [],
      "title": "Maps",
    }
  }
  id="BlockDataForm"
/>
`;
