// Jest Snapshot v1, https://goo.gl/fbAQLP

exports[`CommentEditModal renders a comment edit modal component 1`] = `
<div
  data-schema={
    Object {
      "fieldsets": Array [
        Object {
          "fields": Array [
            "text",
          ],
          "id": "default",
          "title": "Default",
        },
      ],
      "properties": Object {
        "text": Object {
          "description": "",
          "title": "Comment",
          "type": "string",
          "widget": "textarea",
        },
      },
      "required": Array [
        "text",
      ],
    }
  }
  id="ModalForm"
/>
`;
