// Jest Snapshot v1, https://goo.gl/fbAQLP

exports[`RequestPasswordReset renders a RequestPasswordReset component 1`] = `
<div
  id="page-password-reset"
>
  <div
    className="ui container"
  >
    <div
      data-schema={
        Object {
          "fieldsets": Array [
            Object {
              "fields": Array [
                "username",
              ],
              "id": "default",
              "title": "Default",
            },
          ],
          "properties": Object {
            "username": Object {
              "title": "My user name is",
              "type": "string",
            },
          },
          "required": Array [
            "username",
          ],
          "submitLabel": "Start password reset",
        }
      }
      id="Form"
    />
  </div>
</div>
`;
