// Jest Snapshot v1, https://goo.gl/fbAQLP

exports[`renders an Image Block Sidebar component 1`] = `
Array [
  <header
    className="header pulled"
  >
    <h2>
      Image
    </h2>
    <div
      className="ui buttons"
    >
      <button
        className="ui basic button"
        onClick={[Function]}
        title="Clear image"
      >
        <svg
          className="icon"
          dangerouslySetInnerHTML={
            Object {
              "__html": undefined,
            }
          }
          onClick={null}
          style={
            Object {
              "fill": "red",
              "height": "24px",
              "width": "auto",
            }
          }
          viewBox=""
          xmlns=""
        />
      </button>
    </div>
  </header>,
  <div
    className="ui secondary attached segment sidebar-metadata-container image-sidebar"
  >
    <div>
      image
    </div>
    <img
      alt="Image preview"
      className="responsive"
      decoding="async"
      loading="lazy"
      sizes="188px"
      src="image"
      style={
        Object {
          "width": "50%",
        }
      }
    />
  </div>,
  <div
    data-schema={
      Object {
        "fieldsets": Array [
          Object {
            "fields": Array [
              "alt",
              "align",
              "size",
            ],
            "id": "default",
            "title": "Default",
          },
          Object {
            "fields": Array [
              "href",
              "openLinkInNewTab",
            ],
            "id": "link_settings",
            "title": "Link settings",
          },
        ],
        "properties": Object {
          "align": Object {
            "title": "Alignment",
            "widget": "align",
          },
          "alt": Object {
            "description": <React.Fragment>
              <a
                href="https://www.w3.org/WAI/tutorials/images/decision-tree/"
                rel="noopener noreferrer"
                target="_blank"
                title="Open in a new tab"
              >
                Describe the purpose of the image.
              </a>
               
              Leave empty if the image is purely decorative.
            </React.Fragment>,
            "title": "Alt text",
          },
          "href": Object {
            "allowExternals": true,
            "mode": "link",
            "selectedItemAttrs": Array [
              "Title",
              "Description",
              "hasPreviewImage",
            ],
            "title": "Link to",
            "widget": "object_browser",
          },
          "openLinkInNewTab": Object {
            "title": "Open in a new tab",
            "type": "boolean",
          },
          "size": Object {
            "title": "Image size",
            "widget": "image_size",
          },
        },
        "required": Array [],
      }
    }
    id="BlockDataForm"
  />,
]
`;
