// Jest Snapshot v1, https://goo.gl/fbAQLP

exports[`BlockDataForm should add variations to schema 1`] = `
<div>
  <div
    data-schema="[object Object]"
    id="InlineForm"
  />
</div>
`;

exports[`BlockDataForm should not add variations to schema when explicitly disabled 1`] = `
<div>
  <div
    data-schema="[object Object]"
    id="InlineForm"
  />
</div>
`;

exports[`BlockDataForm should not add variations to schema when unneeded 1`] = `
<div>
  <div
    data-schema="[object Object]"
    id="InlineForm"
  />
</div>
`;

exports[`BlockDataForm should not add variations when only one variation 1`] = `
<div>
  <div
    data-schema="[object Object]"
    id="InlineForm"
  />
</div>
`;
