// Jest Snapshot v1, https://goo.gl/fbAQLP

exports[`Settings renders block settings form without schema enhancers 1`] = `
<div>
  <div
    data-schema="[object Object]"
    id="BlockDataForm"
  />
</div>
`;
