// Jest Snapshot v1, https://goo.gl/fbAQLP

exports[`renders an image sizes widget component 1`] = `
<div
  className="image-widget"
>
  <div
    className="inline field image field-wrapper-image"
  >
    <div
      className="ui grid"
    >
      <div
        className="stretched row"
      >
        <div
          className="four wide column"
        >
          <div
            className="wrapper"
          >
            <label
              htmlFor={null}
              id="fieldset-default-field-label-image"
            >
              Image
            </label>
          </div>
        </div>
        <div
          className="eight wide column"
        />
      </div>
    </div>
  </div>
</div>
`;
